U-Boot SPL 2021.07-orangepi (Nov 06 2023 - 14:01:23 +0000)
DRAM: 4096 MiB
Trying to boot from MMC1
NOTICE:  BL31: v2.9.0(debug):9bb15ab5
NOTICE:  BL31: Built : 10:40:26, Nov  6 2023
NOTICE:  BL31: Detected Allwinner H616 SoC (1823)
NOTICE:  BL31: Found U-Boot DTB at 0x4a082628, model: OrangePi Zero3
INFO:    ARM GICv2 driver initialized
INFO:    Configuring SPC Controller
INFO:    PMIC: Probing AXP305 on RSB
ERROR:   RSB: set run-time address: 0x10003
INFO:    Could not init RSB: -65539
INFO:    BL31: Platform setup done
INFO:    BL31: Initializing runtime services
INFO:    BL31: cortex_a53: CPU workaround for erratum 855873 was applied
INFO:    BL31: cortex_a53: CPU workaround for erratum 1530924 was applied
INFO:    PSCI: Suspend is unavailable
INFO:    BL31: Preparing for EL3 exit to normal world
INFO:    Entry point address = 0x4a000000
INFO:    SPSR = 0x3c9
INFO:    Changed devicetree.


U-Boot 2021.07-orangepi (Nov 06 2023 - 14:01:23 +0000) Allwinner Technology

CPU:   Allwinner H616 (SUN50I)
Model: OrangePi Zero3
I2C:   ready
DRAM:  4 GiB
MMC:   mmc@4020000: 0
Loading Environment from FAT... Unable to use mmc 0:1... In:    serial@5000000
Out:   serial@5000000
Err:   serial@5000000
Net:   No ethernet found.
starting USB...
No working controllers found
Autoboot in 1 seconds, press <Space> to stop
switch to partitions #0, OK
mmc0 is current device
Scanning mmc 0:1...
Found U-Boot script /boot/boot.scr
3636 bytes read in 2 ms (1.7 MiB/s)
## Executing script at 4fc00000
U-boot loaded from SD
Boot script loaded from mmc
155 bytes read in 2 ms (75.2 KiB/s)
39931 bytes read in 7 ms (5.4 MiB/s)
4203 bytes read in 5 ms (820.3 KiB/s)
Applying kernel provided DT fixup script (sun50i-h616-fixup.scr)
## Executing script at 45000000
18610226 bytes read in 1539 ms (11.5 MiB/s)
9419169 bytes read in 780 ms (11.5 MiB/s)
   Uncompressing Kernel Image
Moving Image from 0x40080000 to 0x40200000, end=41800000
## Loading init Ramdisk from Legacy Image at 4ff00000 ...
   Image Name:   uInitrd
   Image Type:   AArch64 Linux RAMDisk Image (gzip compressed)
   Data Size:    18610162 Bytes = 17.7 MiB
   Load Address: 00000000
   Entry Point:  00000000
   Verifying Checksum ... OK
## Flattened Device Tree blob at 4fa00000
   Booting using the fdt blob at 0x4fa00000
   Loading Ramdisk to 48e40000, end 49fff7f2 ... OK
   Loading Device Tree to 0000000048dcd000, end 0000000048e3ffff ... OK

Starting kernel ...


orangepizero3 login: orangepi (automatic login)

  ___  ____ ___   _____             _____ 
 / _ \|  _ \_ _| |__  /___ _ __ ___|___ / 
| | | | |_) | |    / // _ \ '__/ _ \ |_ \ 
| |_| |  __/| |   / /|  __/ | | (_) |__) |
 \___/|_|  |___| /____\___|_|  \___/____/ 
                                          
Welcome to Orange Pi 1.0.2 Bookworm with Linux 6.1.31-sun50iw9

System load:   74%           	Up time:       1 min	
Memory usage:  9% of 3.84G  	IP:	       
CPU temp:      51Â°C           	Usage of /:    26% of 15G    	


Configured profile sync daemon with overlayfs.
orangepi@orangepizero3:~$ dmesg
[    0.000000] Booting Linux on physical CPU 0x0000000000 [0x410fd034]
[    0.000000] Linux version 6.1.31-sun50iw9 (root@bob-training) (aarch64-none-linux-gnu-gcc (GNU Toolchain for the A-profile Architecture 9.2-2019.12 (arm-9.10)) 9.2.1 20191025, GNU ld (GNU Toolchain for the A-profile Architecture 9.2-2019.12 (arm-9.10)) 2.33.1.20191209) #1.0.2 SMP Mon Nov  6 14:03:18 GMT 2023
[    0.000000] Machine model: OrangePi Zero3
[    0.000000] NUMA: No NUMA configuration found
[    0.000000] NUMA: Faking a node at [mem 0x0000000040000000-0x000000013fffffff]
[    0.000000] NUMA: NODE_DATA [mem 0x13f7c1040-0x13f7c2fff]
[    0.000000] Zone ranges:
[    0.000000]   DMA      [mem 0x0000000040000000-0x00000000ffffffff]
[    0.000000]   DMA32    empty
[    0.000000]   Normal   [mem 0x0000000100000000-0x000000013fffffff]
[    0.000000] Movable zone start for each node
[    0.000000] Early memory node ranges
[    0.000000]   node   0: [mem 0x0000000040000000-0x000000004007ffff]
[    0.000000]   node   0: [mem 0x0000000040080000-0x000000013fffffff]
[    0.000000] Initmem setup node 0 [mem 0x0000000040000000-0x000000013fffffff]
[    0.000000] cma: Reserved 128 MiB at 0x00000000f8000000
[    0.000000] psci: probing for conduit method from DT.
[    0.000000] psci: PSCIv1.1 detected in firmware.
[    0.000000] psci: Using standard PSCI v0.2 function IDs
[    0.000000] psci: MIGRATE_INFO_TYPE not supported.
[    0.000000] psci: SMC Calling Convention v1.4
[    0.000000] percpu: Embedded 19 pages/cpu s37992 r8192 d31640 u77824
[    0.000000] pcpu-alloc: s37992 r8192 d31640 u77824 alloc=19*4096
[    0.000000] pcpu-alloc: [0] 0 [0] 1 [0] 2 [0] 3 
[    0.000000] Detected VIPT I-cache on CPU0
[    0.000000] CPU features: detected: ARM erratum 845719
[    0.000000] alternatives: applying boot alternatives
[    0.000000] Fallback order for Node 0: 0 
[    0.000000] Built 1 zonelists, mobility grouping on.  Total pages: 1032192
[    0.000000] Policy zone: Normal
[    0.000000] Kernel command line: root=UUID=3188ad81-d482-4f65-8e2c-41a9139f6fa2 rootwait rootfstype=ext4 splash plymouth.ignore-serial-consoles console=ttyS0,115200 console=tty1 consoleblank=0 loglevel=1 ubootpart=22fd6641-01 usb-storage.quirks=   cgroup_enable=memory swapaccount=1
[    0.000000] The swapaccount= commandline option is deprecated. Please report your usecase to linux-mm@kvack.org if you depend on this functionality.
[    0.000000] Unknown kernel command line parameters "splash ubootpart=22fd6641-01 cgroup_enable=memory", will be passed to user space.
[    0.000000] printk: log_buf_len individual max cpu contribution: 131072 bytes
[    0.000000] printk: log_buf_len total cpu_extra contributions: 393216 bytes
[    0.000000] printk: log_buf_len min size: 131072 bytes
[    0.000000] printk: log_buf_len: 524288 bytes
[    0.000000] printk: early log buf free: 128480(98%)
[    0.000000] Dentry cache hash table entries: 524288 (order: 10, 4194304 bytes, linear)
[    0.000000] Inode-cache hash table entries: 262144 (order: 9, 2097152 bytes, linear)
[    0.000000] mem auto-init: stack:off, heap alloc:off, heap free:off
[    0.000000] software IO TLB: area num 4.
[    0.000000] software IO TLB: mapped [mem 0x00000000f4000000-0x00000000f8000000] (64MB)
[    0.000000] Memory: 3872940K/4194304K available (13888K kernel code, 1462K rwdata, 3760K rodata, 2752K init, 499K bss, 190292K reserved, 131072K cma-reserved)
[    0.000000] SLUB: HWalign=64, Order=0-3, MinObjects=0, CPUs=4, Nodes=1
[    0.000000] rcu: Hierarchical RCU implementation.
[    0.000000] rcu: 	RCU restricting CPUs from NR_CPUS=8 to nr_cpu_ids=4.
[    0.000000] 	Tracing variant of Tasks RCU enabled.
[    0.000000] rcu: RCU calculated value of scheduler-enlistment delay is 25 jiffies.
[    0.000000] rcu: Adjusting geometry for rcu_fanout_leaf=16, nr_cpu_ids=4
[    0.000000] NR_IRQS: 64, nr_irqs: 64, preallocated irqs: 0
[    0.000000] Root IRQ handler: gic_handle_irq
[    0.000000] GIC: Using split EOI/Deactivate mode
[    0.000000] rcu: srcu_init: Setting srcu_struct sizes based on contention.
[    0.000000] arch_timer: cp15 timer(s) running at 24.00MHz (phys).
[    0.000000] clocksource: arch_sys_counter: mask: 0xffffffffffffff max_cycles: 0x588fe9dc0, max_idle_ns: 440795202592 ns
[    0.000001] sched_clock: 56 bits at 24MHz, resolution 41ns, wraps every 4398046511097ns
[    0.000554] Console: colour dummy device 80x25
[    0.000603] printk: console [tty1] enabled
[    0.000690] Calibrating delay loop (skipped), value calculated using timer frequency.. 48.00 BogoMIPS (lpj=96000)
[    0.000704] pid_max: default: 32768 minimum: 301
[    0.000779] LSM: Security Framework initializing
[    0.000810] Yama: becoming mindful.
[    0.000908] AppArmor: AppArmor initialized
[    0.000995] Mount-cache hash table entries: 8192 (order: 4, 65536 bytes, linear)
[    0.001021] Mountpoint-cache hash table entries: 8192 (order: 4, 65536 bytes, linear)
[    0.002025] cacheinfo: Unable to detect cache hierarchy for CPU 0
[    0.002581] cblist_init_generic: Setting adjustable number of callback queues.
[    0.002592] cblist_init_generic: Setting shift to 2 and lim to 1.
[    0.002749] rcu: Hierarchical SRCU implementation.
[    0.002754] rcu: 	Max phase no-delay instances is 1000.
[    0.003812] smp: Bringing up secondary CPUs ...
[    0.004342] Detected VIPT I-cache on CPU1
[    0.004416] cacheinfo: Unable to detect cache hierarchy for CPU 1
[    0.004449] CPU1: Booted secondary processor 0x0000000001 [0x410fd034]
[    0.004952] Detected VIPT I-cache on CPU2
[    0.005011] cacheinfo: Unable to detect cache hierarchy for CPU 2
[    0.005030] CPU2: Booted secondary processor 0x0000000002 [0x410fd034]
[    0.005477] Detected VIPT I-cache on CPU3
[    0.005535] cacheinfo: Unable to detect cache hierarchy for CPU 3
[    0.005553] CPU3: Booted secondary processor 0x0000000003 [0x410fd034]
[    0.005613] smp: Brought up 1 node, 4 CPUs
[    0.005626] SMP: Total of 4 processors activated.
[    0.005632] CPU features: detected: 32-bit EL0 Support
[    0.005637] CPU features: detected: CRC32 instructions
[    0.005700] CPU: All CPU(s) started at EL2
[    0.005704] alternatives: applying system-wide alternatives
[    0.008184] devtmpfs: initialized
[    0.014204] Registered cp15_barrier emulation handler
[    0.014217] Registered setend emulation handler
[    0.014365] clocksource: jiffies: mask: 0xffffffff max_cycles: 0xffffffff, max_idle_ns: 7645041785100000 ns
[    0.014384] futex hash table entries: 1024 (order: 4, 65536 bytes, linear)
[    0.019349] pinctrl core: initialized pinctrl subsystem
[    0.020643] NET: Registered PF_NETLINK/PF_ROUTE protocol family
[    0.021769] DMA: preallocated 512 KiB GFP_KERNEL pool for atomic allocations
[    0.021992] DMA: preallocated 512 KiB GFP_KERNEL|GFP_DMA pool for atomic allocations
[    0.022160] DMA: preallocated 512 KiB GFP_KERNEL|GFP_DMA32 pool for atomic allocations
[    0.022198] audit: initializing netlink subsys (disabled)
[    0.022311] audit: type=2000 audit(0.020:1): state=initialized audit_enabled=0 res=1
[    0.022656] thermal_sys: Registered thermal governor 'fair_share'
[    0.022662] thermal_sys: Registered thermal governor 'bang_bang'
[    0.022667] thermal_sys: Registered thermal governor 'step_wise'
[    0.022671] thermal_sys: Registered thermal governor 'user_space'
[    0.022709] cpuidle: using governor menu
[    0.022946] hw-breakpoint: found 6 breakpoint and 4 watchpoint registers.
[    0.023021] ASID allocator initialised with 65536 entries
[    0.023161] Serial: AMBA PL011 UART driver
[    0.028087] platform 3001000.clock: Fixed dependency cycle(s) with /soc/rtc@7000000
[    0.032138] platform 6000000.hdmi: Fixed dependency cycle(s) with /soc/tcon-top@6510000
[    0.032577] platform 6510000.tcon-top: Fixed dependency cycle(s) with /soc/lcd-controller@6515000
[    0.032597] platform 6510000.tcon-top: Fixed dependency cycle(s) with /soc/bus@1000000/mixer@100000
[    0.033252] platform 7010000.clock: Fixed dependency cycle(s) with /soc/rtc@7000000
[    0.034519] platform 6000000.hdmi: Fixed dependency cycle(s) with /connector
[    0.036128] KASLR disabled due to lack of seed
[    0.042267] HugeTLB: registered 1.00 GiB page size, pre-allocated 0 pages
[    0.042273] HugeTLB: 0 KiB vmemmap can be freed for a 1.00 GiB page
[    0.042281] HugeTLB: registered 32.0 MiB page size, pre-allocated 0 pages
[    0.042285] HugeTLB: 0 KiB vmemmap can be freed for a 32.0 MiB page
[    0.042292] HugeTLB: registered 2.00 MiB page size, pre-allocated 0 pages
[    0.042296] HugeTLB: 0 KiB vmemmap can be freed for a 2.00 MiB page
[    0.042303] HugeTLB: registered 64.0 KiB page size, pre-allocated 0 pages
[    0.042307] HugeTLB: 0 KiB vmemmap can be freed for a 64.0 KiB page
[    0.042980] cryptd: max_cpu_qlen set to 1000
[    0.108101] raid6: neonx8   gen()  1852 MB/s
[    0.176158] raid6: neonx4   gen()  1891 MB/s
[    0.244224] raid6: neonx2   gen()  1792 MB/s
[    0.312283] raid6: neonx1   gen()  1558 MB/s
[    0.380339] raid6: int64x8  gen()  1282 MB/s
[    0.448396] raid6: int64x4  gen()  1426 MB/s
[    0.516453] raid6: int64x2  gen()  1218 MB/s
[    0.584524] raid6: int64x1  gen()   905 MB/s
[    0.584530] raid6: using algorithm neonx4 gen() 1891 MB/s
[    0.652572] raid6: .... xor() 1368 MB/s, rmw enabled
[    0.652578] raid6: using neon recovery algorithm
[    0.653845] iommu: Default domain type: Translated 
[    0.653852] iommu: DMA domain TLB invalidation policy: strict mode 
[    0.654084] SCSI subsystem initialized
[    0.654277] usbcore: registered new interface driver usbfs
[    0.654317] usbcore: registered new interface driver hub
[    0.654344] usbcore: registered new device driver usb
[    0.654629] pps_core: LinuxPPS API ver. 1 registered
[    0.654635] pps_core: Software ver. 5.3.6 - Copyright 2005-2007 Rodolfo Giometti <giometti@linux.it>
[    0.654649] PTP clock support registered
[    0.654927] ARM FF-A: FFA_VERSION returned not supported
[    0.655224] Advanced Linux Sound Architecture Driver Initialized.
[    0.655844] NetLabel: Initializing
[    0.655849] NetLabel:  domain hash size = 128
[    0.655854] NetLabel:  protocols = UNLABELED CIPSOv4 CALIPSO
[    0.655919] NetLabel:  unlabeled traffic allowed by default
[    0.655924] mctp: management component transport protocol core
[    0.655930] NET: Registered PF_MCTP protocol family
[    0.656363] clocksource: Switched to clocksource arch_sys_counter
[    0.656558] VFS: Disk quotas dquot_6.6.0
[    0.656600] VFS: Dquot-cache hash table entries: 512 (order 0, 4096 bytes)
[    0.657099] AppArmor: AppArmor Filesystem Enabled
[    0.663381] NET: Registered PF_INET protocol family
[    0.663604] IP idents hash table entries: 65536 (order: 7, 524288 bytes, linear)
[    0.666869] tcp_listen_portaddr_hash hash table entries: 2048 (order: 3, 32768 bytes, linear)
[    0.666919] Table-perturb hash table entries: 65536 (order: 6, 262144 bytes, linear)
[    0.666937] TCP established hash table entries: 32768 (order: 6, 262144 bytes, linear)
[    0.667196] TCP bind hash table entries: 32768 (order: 8, 1048576 bytes, linear)
[    0.668458] TCP: Hash tables configured (established 32768 bind 32768)
[    0.668575] UDP hash table entries: 2048 (order: 4, 65536 bytes, linear)
[    0.668667] UDP-Lite hash table entries: 2048 (order: 4, 65536 bytes, linear)
[    0.668897] NET: Registered PF_UNIX/PF_LOCAL protocol family
[    0.669491] Trying to unpack rootfs image as initramfs...
[    0.677189] hw perfevents: enabled with armv8_cortex_a53 PMU driver, 7 counters available
[    0.678874] Initialise system trusted keyrings
[    0.678929] Key type blacklist registered
[    0.679067] workingset: timestamp_bits=44 max_order=20 bucket_order=0
[    0.684138] zbud: loaded
[    0.685573] squashfs: version 4.0 (2009/01/31) Phillip Lougher
[    0.687594] integrity: Platform Keyring initialized
[    0.729292] xor: measuring software checksum speed
[    0.734007]    8regs           :  2100 MB/sec
[    0.738581]    32regs          :  2169 MB/sec
[    0.743429]    arm64_neon      :  2037 MB/sec
[    0.743436] xor: using function: 32regs (2169 MB/sec)
[    0.743450] async_tx: api initialized (async)
[    0.743460] Key type asymmetric registered
[    0.743466] Asymmetric key parser 'x509' registered
[    1.543594] Freeing initrd memory: 18172K
[    1.565288] alg: self-tests for CTR-KDF (hmac(sha256)) passed
[    1.565405] Block layer SCSI generic (bsg) driver version 0.4 loaded (major 247)
[    1.565519] io scheduler mq-deadline registered
[    1.565527] io scheduler kyber registered
[    1.565719] io scheduler bfq registered
[    1.578331] Serial: 8250/16550 driver, 6 ports, IRQ sharing disabled
[    1.580566] misc dump reg init
[    1.583644] cacheinfo: Unable to detect cache hierarchy for CPU 0
[    1.587299] loop: module loaded
[    1.590205] usbcore: registered new interface driver usb-storage
[    1.590638] mousedev: PS/2 mouse device common for all mice
[    1.591666] sun6i-rtc 7000000.rtc: registered as rtc0
[    1.591690] sun6i-rtc 7000000.rtc: setting system clock to 1970-01-02T00:00:06 UTC (86406)
[    1.591783] sun6i-rtc 7000000.rtc: RTC enabled
[    1.591991] i2c_dev: i2c /dev entries driver
[    1.592215] mv64xxx_i2c 7081400.i2c: can't get pinctrl, bus recovery not supported
[    1.592701] axp20x-i2c 0-0036: AXP20x variant AXP313a found
[    1.592877] axp20x-regulator axp20x-regulator: DCDC frequency on AXP313a is fixed to 3 MHz.
[    1.592886] axp20x-regulator axp20x-regulator: Error setting dcdc frequency: -22
[    1.602995] axp20x-i2c 0-0036: AXP20X driver loaded
[    1.603677] sunxi-wdt 30090a0.watchdog: Watchdog enabled (timeout=16 sec, nowayout=0)
[    1.605009] sdhci: Secure Digital Host Controller Interface driver
[    1.605014] sdhci: Copyright(c) Pierre Ossman
[    1.605038] Synopsys Designware Multimedia Card Interface Driver
[    1.605694] sdhci-pltfm: SDHCI platform and OF driver helper
[    1.606068] ledtrig-cpu: registered to indicate activity on CPUs
[    1.606334] SMCCC: SOC_ID: ID = jep106:091e:1823 Revision = 0x00000002
[    1.606771] hid: raw HID events driver (C) Jiri Kosina
[    1.606846] usbcore: registered new interface driver usbhid
[    1.606852] usbhid: USB HID core driver
[    1.653566] NET: Registered PF_INET6 protocol family
[    1.674581] Segment Routing with IPv6
[    1.674662] In-situ OAM (IOAM) with IPv6
[    1.674759] NET: Registered PF_PACKET protocol family
[    1.674854] 8021q: 802.1Q VLAN Support v1.8
[    1.674994] 9pnet: Installing 9P2000 support
[    1.675076] Key type dns_resolver registered
[    1.675640] registered taskstats version 1
[    1.675666] Loading compiled-in X.509 certificates
[    1.679075] Loaded X.509 cert 'Build time autogenerated kernel key: 1a265c5ebb2288f31effcf5447e9d6c6b6d8c71e'
[    1.681227] zswap: loaded using pool zstd/z3fold
[    1.681555] Key type .fscrypt registered
[    1.681562] Key type fscrypt-provisioning registered
[    1.682537] Btrfs loaded, crc32c=crc32c-generic, zoned=yes, fsverity=no
[    1.682750] Key type encrypted registered
[    1.682763] AppArmor: AppArmor sha1 policy hashing enabled
[    1.682786] ima: No TPM chip found, activating TPM-bypass!
[    1.682818] ima: Allocated hash algorithm: sha1
[    1.682847] ima: No architecture policies found
[    1.682909] evm: Initialising EVM extended attributes:
[    1.682914] evm: security.selinux
[    1.682919] evm: security.SMACK64
[    1.682923] evm: security.SMACK64EXEC
[    1.682927] evm: security.SMACK64TRANSMUTE
[    1.682931] evm: security.SMACK64MMAP
[    1.682935] evm: security.apparmor
[    1.682939] evm: security.ima
[    1.682943] evm: security.capability
[    1.682948] evm: HMAC attrs: 0x1
[    1.705514] sun50i-h616-pinctrl 300b000.pinctrl: initialized sunXi PIO driver
[    1.706084] sun50i-h616-r-pinctrl 7022000.pinctrl: initialized sunXi PIO driver
[    1.706352] sun50i-h616-pinctrl 300b000.pinctrl: supply vcc-ph not found, using dummy regulator
[    1.706832] printk: console [ttyS0] disabled
[    1.706906] 5000000.serial: ttyS0 at MMIO 0x5000000 (irq = 285, base_baud = 1500000) is a 16550A
[    1.707168] printk: console [ttyS0] enabled
[    1.707917] debugfs: Directory '1100000.mixer' with parent 'regmap' already present!
[    1.707967] debugfs: Directory '1100000.mixer' with parent 'regmap' already present!
[    1.723894] sun4i-drm display-engine: bound 1100000.mixer (ops 0xffff800008e85e48)
[    1.724054] sun4i-drm display-engine: bound 6510000.tcon-top (ops 0xffff800008e8a620)
[    1.724316] sun4i-drm display-engine: bound 6515000.lcd-controller (ops 0xffff800008e82e20)
[    1.724387] sun8i-dw-hdmi 6000000.hdmi: supply hvcc not found, using dummy regulator
[    1.724613] sun8i-dw-hdmi 6000000.hdmi: Detected HDMI TX controller v2.12a with HDCP (DWC HDMI 2.0 TX PHY)
[    1.725030] sun8i-dw-hdmi 6000000.hdmi: registered DesignWare HDMI I2C bus driver
[    1.725409] sun4i-drm display-engine: bound 6000000.hdmi (ops 0xffff800008e84f08)
[    1.725758] [drm] Initialized sun4i-drm 1.0.0 20150629 for display-engine on minor 0
[    1.879344] Console: switching to colour frame buffer device 240x67
[    1.982705] sun4i-drm display-engine: [drm] fb0: sun4i-drmdrmfb frame buffer device
[    1.983427] sun50i-h616-pinctrl 300b000.pinctrl: supply vcc-pc not found, using dummy regulator
[    1.984909] spi-nor spi0.0: ZB25VQ128A (16384 Kbytes)
[    2.000851] sun50i-cpufreq-nvmem: will use speed0 CPU OPPs
[    2.005122] cpufreq: cpufreq_online: CPU0: Running at unlisted initial frequency: 1032000 KHz, changing to: 1200000 KHz
[    2.005296] OF: /thermal-zones/gpu-thermal/cooling-maps/map0: could not get #cooling-cells for /soc/gpu@1800000
[    2.005319] thermal_sys: Add a cooling_device property with at least one device
[    2.005327] thermal thermal_zone0: binding zone gpu-thermal with cdev cpufreq-cpu0 failed:-2
[    2.005743] sun50i-h616-pinctrl 300b000.pinctrl: supply vcc-pg not found, using dummy regulator
[    2.006618] sun50i-h616-pinctrl 300b000.pinctrl: supply vcc-pf not found, using dummy regulator
[    2.007642] sunxi-mmc 4021000.mmc: allocated mmc-pwrseq
[    2.007744] sunxi-mmc 4020000.mmc: Got CD GPIO
[    2.011194] ehci-platform 5200000.usb: EHCI Host Controller
[    2.011215] ehci-platform 5200000.usb: new USB bus registered, assigned bus number 1
[    2.011293] ehci-platform 5200000.usb: irq 292, io mem 0x05200000
[    2.011312] ehci-platform 5310000.usb: EHCI Host Controller
[    2.011326] ehci-platform 5310000.usb: new USB bus registered, assigned bus number 2
[    2.011387] ehci-platform 5310000.usb: irq 293, io mem 0x05310000
[    2.011521] ehci-platform 5311000.usb: EHCI Host Controller
[    2.011534] ehci-platform 5311000.usb: new USB bus registered, assigned bus number 3
[    2.011597] ehci-platform 5311000.usb: irq 294, io mem 0x05311000
[    2.012066] usb_phy_generic usb_phy_generic.4.auto: supply vcc not found, using dummy regulator
[    2.012148] ohci-platform 5200400.usb: Generic Platform OHCI controller
[    2.012162] ohci-platform 5200400.usb: new USB bus registered, assigned bus number 4
[    2.012193] usb_phy_generic usb_phy_generic.4.auto: dummy supplies not allowed for exclusive requests
[    2.012221] ohci-platform 5200400.usb: irq 295, io mem 0x05200400
[    2.012225] ohci-platform 5310400.usb: Generic Platform OHCI controller
[    2.012237] ohci-platform 5310400.usb: new USB bus registered, assigned bus number 5
[    2.012261] ohci-platform 5311400.usb: Generic Platform OHCI controller
[    2.012273] ohci-platform 5311400.usb: new USB bus registered, assigned bus number 6
[    2.012289] ohci-platform 5310400.usb: irq 296, io mem 0x05310400
[    2.012325] ohci-platform 5311400.usb: irq 297, io mem 0x05311400
[    2.015405] ALSA device list:
[    2.015417]   #0: audiocodec
[    2.015422]   #1: ahubdam
[    2.015425]   #2: ahubhdmi
[    2.024408] ehci-platform 5200000.usb: USB 2.0 started, EHCI 1.00
[    2.024664] usb usb1: New USB device found, idVendor=1d6b, idProduct=0002, bcdDevice= 6.01
[    2.024679] usb usb1: New USB device strings: Mfr=3, Product=2, SerialNumber=1
[    2.024689] usb usb1: Product: EHCI Host Controller
[    2.024697] usb usb1: Manufacturer: Linux 6.1.31-sun50iw9 ehci_hcd
[    2.024705] usb usb1: SerialNumber: 5200000.usb
[    2.025147] hub 1-0:1.0: USB hub found
[    2.025188] hub 1-0:1.0: 1 port detected
[    2.035940] sunxi-mmc 4020000.mmc: initialized, max. request size: 16384 KB, uses new timings mode
[    2.040394] ehci-platform 5310000.usb: USB 2.0 started, EHCI 1.00
[    2.040842] usb usb2: New USB device found, idVendor=1d6b, idProduct=0002, bcdDevice= 6.01
[    2.040870] usb usb2: New USB device strings: Mfr=3, Product=2, SerialNumber=1
[    2.040890] usb usb2: Product: EHCI Host Controller
[    2.040907] usb usb2: Manufacturer: Linux 6.1.31-sun50iw9 ehci_hcd
[    2.040923] usb usb2: SerialNumber: 5310000.usb
[    2.041620] hub 2-0:1.0: USB hub found
[    2.041694] hub 2-0:1.0: 1 port detected
[    2.056372] ehci-platform 5311000.usb: USB 2.0 started, EHCI 1.00
[    2.056723] usb usb3: New USB device found, idVendor=1d6b, idProduct=0002, bcdDevice= 6.01
[    2.056744] usb usb3: New USB device strings: Mfr=3, Product=2, SerialNumber=1
[    2.056760] usb usb3: Product: EHCI Host Controller
[    2.056774] usb usb3: Manufacturer: Linux 6.1.31-sun50iw9 ehci_hcd
[    2.056787] usb usb3: SerialNumber: 5311000.usb
[    2.057343] hub 3-0:1.0: USB hub found
[    2.057402] hub 3-0:1.0: 1 port detected
[    2.072654] usb usb5: New USB device found, idVendor=1d6b, idProduct=0001, bcdDevice= 6.01
[    2.072675] usb usb5: New USB device strings: Mfr=3, Product=2, SerialNumber=1
[    2.072691] usb usb5: Product: Generic Platform OHCI controller
[    2.072705] usb usb5: Manufacturer: Linux 6.1.31-sun50iw9 ohci_hcd
[    2.072718] usb usb5: SerialNumber: 5310400.usb
[    2.073071] hub 5-0:1.0: USB hub found
[    2.073108] hub 5-0:1.0: 1 port detected
[    2.073556] usb usb6: New USB device found, idVendor=1d6b, idProduct=0001, bcdDevice= 6.01
[    2.073569] usb usb6: New USB device strings: Mfr=3, Product=2, SerialNumber=1
[    2.073579] usb usb6: Product: Generic Platform OHCI controller
[    2.073587] usb usb6: Manufacturer: Linux 6.1.31-sun50iw9 ohci_hcd
[    2.073595] usb usb6: SerialNumber: 5311400.usb
[    2.073935] hub 6-0:1.0: USB hub found
[    2.073971] hub 6-0:1.0: 1 port detected
[    2.074395] usb usb4: New USB device found, idVendor=1d6b, idProduct=0001, bcdDevice= 6.01
[    2.074408] usb usb4: New USB device strings: Mfr=3, Product=2, SerialNumber=1
[    2.074417] usb usb4: Product: Generic Platform OHCI controller
[    2.074425] usb usb4: Manufacturer: Linux 6.1.31-sun50iw9 ohci_hcd
[    2.074433] usb usb4: SerialNumber: 5200400.usb
[    2.074761] hub 4-0:1.0: USB hub found
[    2.074795] hub 4-0:1.0: 1 port detected
[    2.077587] mmc0: host does not support reading read-only switch, assuming write-enable
[    2.080361] mmc0: new high speed SDHC card at address aaaa
[    2.081096] mmcblk0: mmc0:aaaa SL16G 14.8 GiB 
[    2.084377]  mmcblk0: p1
[    2.236957] sunxi-mmc 4021000.mmc: initialized, max. request size: 16384 KB, uses new timings mode
[    2.238958] Freeing unused kernel memory: 2752K
[    2.239140] Run /init as init process
[    2.239153]   with arguments:
[    2.239165]     /init
[    2.239176]     splash
[    2.239188]   with environment:
[    2.239199]     HOME=/
[    2.239210]     TERM=linux
[    2.239221]     ubootpart=22fd6641-01
[    2.239233]     cgroup_enable=memory
[    2.254775] mmc1: new high speed SDIO card at address 8800
[    2.627748] sun50i-h616-pinctrl 300b000.pinctrl: supply vcc-pi not found, using dummy regulator
[    2.628570] dwmac-sun8i 5020000.ethernet: IRQ eth_wake_irq not found
[    2.628590] dwmac-sun8i 5020000.ethernet: IRQ eth_lpi not found
[    2.628673] dwmac-sun8i 5020000.ethernet: No regulator found
[    2.628761] dwmac-sun8i 5020000.ethernet: PTP uses main clock
[    2.628790] dwmac-sun8i 5020000.ethernet: Current syscon value is not the default 58000 (expect 0)
[    2.629334] dwmac-sun8i 5020000.ethernet: No HW DMA feature register supported
[    2.629344] dwmac-sun8i 5020000.ethernet: RX Checksum Offload Engine supported
[    2.629350] dwmac-sun8i 5020000.ethernet: COE Type 2
[    2.629355] dwmac-sun8i 5020000.ethernet: TX Checksum insertion supported
[    2.629361] dwmac-sun8i 5020000.ethernet: Normal descriptors
[    2.629366] dwmac-sun8i 5020000.ethernet: Chain mode enabled
[    2.716194] dwmac-sun8i 5020000.ethernet end0: renamed from eth0
[    3.642224] EXT4-fs (mmcblk0p1): mounted filesystem with writeback data mode. Quota mode: none.
[    4.570650] systemd[1]: System time before build time, advancing clock.
[    4.610379] systemd[1]: systemd 252.17-1~deb12u1 running in system mode (+PAM +AUDIT +SELINUX +APPARMOR +IMA +SMACK +SECCOMP +GCRYPT -GNUTLS +OPENSSL +ACL +BLKID +CURL +ELFUTILS +FIDO2 +IDN2 -IDN +IPTC +KMOD +LIBCRYPTSETUP +LIBFDISK +PCRE2 -PWQUALITY +P11KIT +QRENCODE +TPM2 +BZIP2 +LZ4 +XZ +ZLIB +ZSTD -BPF_FRAMEWORK -XKBCOMMON +UTMP +SYSVINIT default-hierarchy=unified)
[    4.610426] systemd[1]: Detected architecture arm64.
[    4.620108] systemd[1]: Hostname set to <orangepizero3>.
[    5.460683] systemd[1]: Queued start job for default target graphical.target.
[    5.495973] systemd[1]: Created slice system-modprobe.slice - Slice /system/modprobe.
[    5.498506] systemd[1]: Created slice system-serial\x2dgetty.slice - Slice /system/serial-getty.
[    5.499439] systemd[1]: Created slice user.slice - User and Session Slice.
[    5.499807] systemd[1]: Started systemd-ask-password-wall.path - Forward Password Requests to Wall Directory Watch.
[    5.500657] systemd[1]: Set up automount proc-sys-fs-binfmt_misc.automount - Arbitrary Executable File Formats File System Automount Point.
[    5.500979] systemd[1]: Reached target integritysetup.target - Local Integrity Protected Volumes.
[    5.501261] systemd[1]: Reached target remote-fs.target - Remote File Systems.
[    5.501375] systemd[1]: Reached target slices.target - Slice Units.
[    5.501530] systemd[1]: Reached target swap.target - Swaps.
[    5.501674] systemd[1]: Reached target time-set.target - System Time Set.
[    5.501939] systemd[1]: Reached target veritysetup.target - Local Verity Protected Volumes.
[    5.507178] systemd[1]: Listening on syslog.socket - Syslog Socket.
[    5.507649] systemd[1]: Listening on systemd-fsckd.socket - fsck to fsckd communication Socket.
[    5.507941] systemd[1]: Listening on systemd-initctl.socket - initctl Compatibility Named Pipe.
[    5.508952] systemd[1]: Listening on systemd-journald-audit.socket - Journal Audit Socket.
[    5.509407] systemd[1]: Listening on systemd-journald-dev-log.socket - Journal Socket (/dev/log).
[    5.509949] systemd[1]: Listening on systemd-journald.socket - Journal Socket.
[    5.514581] systemd[1]: Listening on systemd-udevd-control.socket - udev Control Socket.
[    5.515099] systemd[1]: Listening on systemd-udevd-kernel.socket - udev Kernel Socket.
[    5.518856] systemd[1]: Mounting dev-hugepages.mount - Huge Pages File System...
[    5.522892] systemd[1]: Mounting dev-mqueue.mount - POSIX Message Queue File System...
[    5.527290] systemd[1]: Mounting sys-kernel-debug.mount - Kernel Debug File System...
[    5.528265] systemd[1]: sys-kernel-tracing.mount - Kernel Trace File System was skipped because of an unmet condition check (ConditionPathExists=/sys/kernel/tracing).
[    5.534175] systemd[1]: Starting fake-hwclock.service - Restore / save the current clock...
[    5.538957] systemd[1]: Starting keyboard-setup.service - Set the console keyboard layout...
[    5.543639] systemd[1]: Starting kmod-static-nodes.service - Create List of Static Device Nodes...
[    5.549425] systemd[1]: Starting modprobe@configfs.service - Load Kernel Module configfs...
[    5.554933] systemd[1]: Starting modprobe@dm_mod.service - Load Kernel Module dm_mod...
[    5.561548] systemd[1]: Starting modprobe@drm.service - Load Kernel Module drm...
[    5.568978] systemd[1]: Starting modprobe@efi_pstore.service - Load Kernel Module efi_pstore...
[    5.575739] systemd[1]: Starting modprobe@fuse.service - Load Kernel Module fuse...
[    5.581429] systemd[1]: Starting modprobe@loop.service - Load Kernel Module loop...
[    5.583122] systemd[1]: systemd-fsck-root.service - File System Check on Root Device was skipped because of an unmet condition check (ConditionPathExists=!/run/initramfs/fsck-root).
[    5.605796] systemd[1]: Starting systemd-modules-load.service - Load Kernel Modules...
[    5.606962] device-mapper: core: CONFIG_IMA_DISABLE_HTABLE is disabled. Duplicate IMA measurements will not be recorded in the IMA log.
[    5.607633] device-mapper: ioctl: 4.47.0-ioctl (2022-07-28) initialised: dm-devel@redhat.com
[    5.612584] systemd[1]: Starting systemd-remount-fs.service - Remount Root and Kernel File Systems...
[    5.616997] systemd[1]: Starting systemd-udev-trigger.service - Coldplug All udev Devices...
[    5.623587] systemd[1]: Mounted dev-hugepages.mount - Huge Pages File System.
[    5.624872] systemd[1]: Mounted dev-mqueue.mount - POSIX Message Queue File System.
[    5.625627] systemd[1]: Mounted sys-kernel-debug.mount - Kernel Debug File System.
[    5.626856] systemd[1]: Finished fake-hwclock.service - Restore / save the current clock.
[    5.628423] systemd[1]: Finished kmod-static-nodes.service - Create List of Static Device Nodes.
[    5.629722] systemd[1]: modprobe@configfs.service: Deactivated successfully.
[    5.630198] systemd[1]: Finished modprobe@configfs.service - Load Kernel Module configfs.
[    5.631173] systemd[1]: modprobe@dm_mod.service: Deactivated successfully.
[    5.631609] systemd[1]: Finished modprobe@dm_mod.service - Load Kernel Module dm_mod.
[    5.632477] systemd[1]: modprobe@drm.service: Deactivated successfully.
[    5.632920] systemd[1]: Finished modprobe@drm.service - Load Kernel Module drm.
[    5.633920] systemd[1]: modprobe@efi_pstore.service: Deactivated successfully.
[    5.634401] systemd[1]: Finished modprobe@efi_pstore.service - Load Kernel Module efi_pstore.
[    5.635464] systemd[1]: modprobe@loop.service: Deactivated successfully.
[    5.636009] systemd[1]: Finished modprobe@loop.service - Load Kernel Module loop.
[    5.641587] systemd[1]: Mounting sys-kernel-config.mount - Kernel Configuration File System...
[    5.642176] systemd[1]: systemd-repart.service - Repartition Root Disk was skipped because no trigger condition checks were met.
[    5.654250] systemd[1]: Mounted sys-kernel-config.mount - Kernel Configuration File System.
[    5.658620] fuse: init (API version 7.37)
[    5.662079] systemd[1]: modprobe@fuse.service: Deactivated successfully.
[    5.662726] systemd[1]: Finished modprobe@fuse.service - Load Kernel Module fuse.
[    5.666737] systemd[1]: Mounting sys-fs-fuse-connections.mount - FUSE Control File System...
[    5.676975] systemd[1]: Mounted sys-fs-fuse-connections.mount - FUSE Control File System.
[    5.692446] EXT4-fs (mmcblk0p1): re-mounted. Quota mode: none.
[    5.698595] systemd[1]: Finished systemd-remount-fs.service - Remount Root and Kernel File Systems.
[    5.700476] systemd[1]: systemd-firstboot.service - First Boot Wizard was skipped because of an unmet condition check (ConditionFirstBoot=yes).
[    5.700755] systemd[1]: systemd-pstore.service - Platform Persistent Storage Archival was skipped because of an unmet condition check (ConditionDirectoryNotEmpty=/sys/fs/pstore).
[    5.706651] systemd[1]: Starting systemd-random-seed.service - Load/Save Random Seed...
[    5.711872] systemd[1]: Starting systemd-sysusers.service - Create System Users...
[    5.784174] WCN: marlin_init entry!
[    5.784706] WCN: wcn config bt wake host
[    5.784945] WCN_ERR: dts node for bt_wake not found
[    5.784948] WCN: marlin2 parse_dt some para not config
[    5.784959] sdiohal:sdiohal_parse_dt adma_tx:1, adma_rx:1, pwrseq:0, irq type:data, gpio_num:0, blksize:840
[    5.788765] sdiohal:sdiohal_init ok
[    5.789606] WCN: marlin_probe ok!
[    5.820652] systemd[1]: Finished systemd-sysusers.service - Create System Users.
[    5.845237] systemd[1]: Starting systemd-tmpfiles-setup-dev.service - Create Static Device Nodes in /dev...
[    5.873544] cfg80211: Loading compiled-in X.509 certificates for regulatory database
[    5.884609] cfg80211: Loaded X.509 cert 'sforshee: 00b28ddf47aef9cea7'
[    5.894783] [ADDR_MGT] addr_mgt_probe: module version: v1.0.9
[    5.894884] [ADDR_MGT] addr_mgt_probe: success.
[    5.895346] cfg80211: loaded regulatory.db is malformed or signature is missing/invalid
[    5.896742] systemd[1]: Finished keyboard-setup.service - Set the console keyboard layout.
[    5.932539] WCN: start_marlin [MARLIN_WIFI]
[    5.932567] WCN: marlin power state:0, subsys: [MARLIN_WIFI] power 1
[    5.932573] WCN: the first power on start
[    5.945473] systemd[1]: Finished systemd-tmpfiles-setup-dev.service - Create Static Device Nodes in /dev.
[    5.946494] systemd[1]: Reached target local-fs-pre.target - Preparation for Local File Systems.
[    5.965287] systemd[1]: Starting systemd-udevd.service - Rule-based Manager for Device Events and Files...
[    6.040439] WCN: marlin chip en dummy pull up -- need manually set GPIO 
[    6.068432] sdiohal:sdiohal_scan_card
[    6.068696] sdiohal:sdiohal_probe: func->class=0, vendor=0x0000, device=0x0000, func_num=0x0001, clock=50000000
[    6.068899] WCN: marlin_get_wcn_chipid: chipid: 0x2355b001
[    6.068906] WCN: marlin_scan_finish!
[    6.068909] sdiohal:probe ok
[    6.069006] sdiohal:scan end!
[    6.069011] WCN: then marlin start to download
[    6.069039] WCN: marlin_request_firmware from /lib/firmware/wcnmodem.bin start!
[    6.081213] systemd[1]: Finished systemd-udev-trigger.service - Coldplug All udev Devices.
[    6.140985] systemd[1]: Starting ifupdown-pre.service - Helper to synchronize boot up for ifupdown...
[    6.145633] systemd[1]: Starting systemd-udev-settle.service - Wait for udev To Complete Device Initialization...
[    6.159461] systemd[1]: Finished ifupdown-pre.service - Helper to synchronize boot up for ifupdown.
[    6.202549] systemd[1]: Started systemd-udevd.service - Rule-based Manager for Device Events and Files.
[    6.232841] systemd[1]: Starting plymouth-start.service - Show Plymouth Boot Screen...
[    6.254202] systemd[1]: Listening on systemd-rfkill.socket - Load/Save RF Kill Switch Status /dev/rfkill Watch.
[    6.320254] systemd[1]: Found device dev-ttyS0.device - /dev/ttyS0.
[    6.392041] systemd[1]: Started plymouth-start.service - Show Plymouth Boot Screen.
[    6.394005] systemd[1]: bootsplash-ask-password-console.path - Dispatch Password Requests to Console Directory Watch when bootsplash is active was skipped because of an unmet condition check (ConditionPathExists=/sys/devices/platform/bootsplash.0/enabled).
[    6.394597] systemd[1]: Started systemd-ask-password-plymouth.path - Forward Password Requests to Plymouth Directory Watch.
[    6.394904] systemd[1]: Reached target cryptsetup.target - Local Encrypted Volumes.
[    6.481932] mc: Linux media interface: v0.10
[    6.510145] videodev: Linux video capture interface: v2.00
[    6.729922] sunxi_cedrus: module is from the staging directory, the quality is unknown, you have been warned.
[    6.740914] systemd[1]: Mounting tmp.mount - /tmp...
[    6.755269] systemd[1]: Reached target usb-gadget.target - Hardware activated USB gadget.
[    6.762614] systemd[1]: Mounted tmp.mount - /tmp.
[    6.763692] systemd[1]: Reached target local-fs.target - Local File Systems.
[    6.792635] systemd[1]: Starting console-setup.service - Set console font and keymap...
[    6.800905] cedrus 1c0e000.video-codec: Device registered as /dev/video0
[    6.879217] Registered IR keymap rc-empty
[    6.898661] rc rc0: sunxi-ir as /devices/platform/soc/7040000.ir/rc/rc0
[    6.901310] systemd[1]: Starting orangepi-zram-config.service - Orange Pi ZRAM config...
[    6.906155] rc rc0: lirc_dev: driver sunxi-ir registered at minor = 0, raw IR receiver, no transmitter
[    6.924273] systemd[1]: Starting plymouth-read-write.service - Tell Plymouth To Write Out Runtime Data...
[    6.944137] input: sunxi-ir as /devices/platform/soc/7040000.ir/rc/rc0/input0
[    6.953561] systemd[1]: Starting systemd-binfmt.service - Set Up Additional Binary Formats...
[    6.958429] systemd[1]: Finished console-setup.service - Set console font and keymap.
[    6.975211] systemd[1]: Finished plymouth-read-write.service - Tell Plymouth To Write Out Runtime Data.
[    6.977575] systemd[1]: Received SIGRTMIN+20 from PID 247 (plymouthd).
[    6.977970] sunxi-ir 7040000.ir: initialized sunXi IR driver
[    7.017232] systemd[1]: proc-sys-fs-binfmt_misc.automount: Got automount request for /proc/sys/fs/binfmt_misc, triggered by 400 (systemd-binfmt)
[    7.052895] systemd[1]: Mounting proc-sys-fs-binfmt_misc.mount - Arbitrary Executable File Formats File System...
[    7.099609] systemd[1]: Mounted proc-sys-fs-binfmt_misc.mount - Arbitrary Executable File Formats File System.
[    7.115165] systemd[1]: Finished systemd-binfmt.service - Set Up Additional Binary Formats.
[    7.251130] WCN: combin_img 0 marlin_firmware_write finish and successful
[    7.251309] WCN: marlin_start_run read reset reg val:0x1
[    7.251316] WCN: after do marlin_start_run reset reg val:0x0
[    7.251480] WCN: s_marlin_bootup_time=7251480305
[    7.256615] WCN: clock mode: TSX
[    7.256812] WCN: marlin_write_cali_data sync init_state:0xf9401281
[    7.284563] WCN: marlin_write_cali_data sync init_state:0xf9401281
[    7.312588] WCN: marlin_write_cali_data sync init_state:0xf0f0f0f1
[    7.312617] WCN: sdio_config bt_wake_host trigger:[high]
[    7.312621] WCN: sdio_config irq:[inband]
[    7.312624] WCN: sdio_config wake_host_level_duration_time:[20ms]
[    7.312629] WCN: sdio_config wake_host_data_separation:[bt/wifi reuse]
[    7.312632] WCN: marlin_send_sdio_config_to_cp sdio_config:0x80f01 (enable config)
[    7.312983] WCN: marlin_write_cali_data finish
[    7.313160] WCN: check_cp_ready sync val:0xf0f0f0f2, prj_type val:0x0
[    7.340563] WCN: check_cp_ready sync val:0xf0f0f0f2, prj_type val:0x0
[    7.368565] WCN: check_cp_ready sync val:0xf0f0f0f2, prj_type val:0x0
[    7.396585] WCN: check_cp_ready sync val:0xf0f0f0f2, prj_type val:0x0
[    7.424725] WCN: check_cp_ready sync val:0xf0f0f0ff, prj_type val:0x0
[    7.424757] sdiohal:sdiohal_runtime_get entry
[    7.424957] WCN: get_cp2_version entry!
[    7.426459] WCN: WCND at cmd read:WCN_VER:Platform Version:MARLIN3_19B_W21.05.3~Project Version:sc2355_marlin3_lite_ott~12-15-2021 11:26:33~
[    7.426484] WCN: switch_cp2_log - close entry!
[    7.427833] WCN: WCND at cmd read:OK
[    7.427893] WCN: then marlin download finished and run ok
[    7.427899] WCN: start_loopcheck
[    7.460568] WCN: get_board_ant_num [one_ant]
[    7.460594] wifi ini path = /lib/firmware/wifi_2355b001_1ant.ini
[    7.464372] random: crng init done
[    7.493139] sprdwl:sprdwl_get_fw_info length mismatch: len_count=83, r_len=89
[    7.493168] sprdwl:sprdwl_get_fw_info, drv_version=1, fw_version=2, compat_ver=0
[    7.493175] sprdwl:chip_model:0x2355, chip_ver:0x0
[    7.493180] sprdwl:fw_ver:0, fw_std:0x7f, fw_capa:0x120f7f
[    7.493186] sprdwl:mac_addr:e0:51:d8:67:98:ae
[    7.493193] sprdwl:credit_capa:TX_WITH_CREDIT
[    7.493197] sprdwl:ott support:0
[    7.526928] unisoc_wifi unisoc_wifi wlan0: mixed HW and IP checksum settings.
[    7.553467] systemd[1]: Starting systemd-rfkill.service - Load/Save RF Kill Switch Status...
[    7.594359] mtty_probe init device addr: 0x(____ptrval____)
[    7.594634] -->rfkill_bluetooth_init
[    7.594808] bluetooth_set_power: start_block=1
[    7.594826] WCN: marlin power state:4, subsys: [MARLIN_BLUETOOTH] power 0
[    7.594839] WCN: can not power off, other module is on
[    7.594849] bluetooth_set_power: end_block=1
[    7.594877] <--rfkill_bluetooth_init
[    7.651094] systemd[1]: Started systemd-rfkill.service - Load/Save RF Kill Switch Status.
[    7.653276] systemd[1]: Finished systemd-modules-load.service - Load Kernel Modules.
[    7.655413] systemd[1]: Finished systemd-random-seed.service - Load/Save Random Seed.
[    7.686322] systemd[1]: bootsplash-ask-password-console.path - Dispatch Password Requests to Console Directory Watch when bootsplash is active was skipped because of an unmet condition check (ConditionPathExists=/sys/devices/platform/bootsplash.0/enabled).
[    7.686849] systemd[1]: sys-kernel-tracing.mount - Kernel Trace File System was skipped because of an unmet condition check (ConditionPathExists=/sys/kernel/tracing).
[    7.691047] zram: Added device: zram0
[    7.691369] zram: Added device: zram1
[    7.691772] zram: Added device: zram2
[    7.717296] systemd[1]: Starting modprobe@dm_mod.service - Load Kernel Module dm_mod...
[    7.724300] systemd[1]: Starting modprobe@efi_pstore.service - Load Kernel Module efi_pstore...
[    7.730898] systemd[1]: Starting modprobe@loop.service - Load Kernel Module loop...
[    7.731547] systemd[1]: systemd-firstboot.service - First Boot Wizard was skipped because of an unmet condition check (ConditionFirstBoot=yes).
[    7.731762] systemd[1]: first-boot-complete.target - First Boot Complete was skipped because of an unmet condition check (ConditionFirstBoot=yes).
[    7.732082] systemd[1]: systemd-machine-id-commit.service - Commit a transient machine-id on disk was skipped because of an unmet condition check (ConditionPathIsMountPoint=/etc/machine-id).
[    7.736844] systemd[1]: Starting systemd-sysctl.service - Apply Kernel Variables...
[    7.739899] systemd[1]: Finished systemd-udev-settle.service - Wait for udev To Complete Device Initialization.
[    7.747153] systemd[1]: modprobe@dm_mod.service: Deactivated successfully.
[    7.747747] systemd[1]: Finished modprobe@dm_mod.service - Load Kernel Module dm_mod.
[    7.749418] systemd[1]: modprobe@efi_pstore.service: Deactivated successfully.
[    7.749988] systemd[1]: Finished modprobe@efi_pstore.service - Load Kernel Module efi_pstore.
[    7.751506] systemd[1]: modprobe@loop.service: Deactivated successfully.
[    7.752125] systemd[1]: Finished modprobe@loop.service - Load Kernel Module loop.
[    7.790017] zram0: detected capacity change from 0 to 4024936
[    7.796966] systemd[1]: Starting brltty.service - Braille Device Support...
[    7.797398] systemd[1]: systemd-pstore.service - Platform Persistent Storage Archival was skipped because of an unmet condition check (ConditionDirectoryNotEmpty=/sys/fs/pstore).
[    7.797859] systemd[1]: systemd-repart.service - Repartition Root Disk was skipped because no trigger condition checks were met.
[    7.799910] systemd[1]: Finished systemd-sysctl.service - Apply Kernel Variables.
[    7.831911] Adding 2012464k swap on /dev/zram0.  Priority:5 extents:1 across:2012464k SSFS
[    8.059679] zram1: detected capacity change from 0 to 102400
[    8.150142] systemd[1]: Finished orangepi-zram-config.service - Orange Pi ZRAM config.
[    8.173442] systemd[1]: Starting orangepi-ramlog.service - Orange Pi memory supported logging...
[    8.255399] EXT4-fs (zram1): mounted filesystem without journal. Quota mode: none.
[    8.775091] systemd[1]: Started brltty.service - Braille Device Support.
[    8.801706] input: BRLTTY 6.5 Linux Screen Driver Keyboard as /devices/virtual/input/input1
[   10.592507] systemd[1]: Finished orangepi-ramlog.service - Orange Pi memory supported logging.
[   10.617572] systemd[1]: Starting systemd-journald.service - Journal Service...
[   10.796445] systemd[1]: Started systemd-journald.service - Journal Service.
[   10.875365] systemd-journald[561]: Received client request to flush runtime journal.
[   12.188283] bluetooth_set_power: start_block=0
[   12.188315] WCN: start_marlin [MARLIN_BLUETOOTH]
[   12.188324] WCN: marlin power state:4, subsys: [MARLIN_BLUETOOTH] power 1
[   12.188331] WCN: marlin have open, GNSS is closed
[   12.188335] bluetooth_set_power: end_block=0
[   12.205772] mtty_open device success!
[   12.397656] Bluetooth: Core ver 2.22
[   12.397806] NET: Registered PF_BLUETOOTH protocol family
[   12.397810] Bluetooth: HCI device and connection manager initialized
[   12.397831] Bluetooth: HCI socket layer initialized
[   12.397839] Bluetooth: L2CAP socket layer initialized
[   12.397854] Bluetooth: SCO socket layer initialized
[   12.504186] Bluetooth: HCI UART driver ver 2.3
[   12.504220] Bluetooth: HCI UART protocol H4 registered
[   12.504225] Bluetooth: HCI UART protocol BCSP registered
[   12.504322] Bluetooth: HCI UART protocol LL registered
[   12.504327] Bluetooth: HCI UART protocol ATH3K registered
[   12.504414] Bluetooth: HCI UART protocol Three-wire (H5) registered
[   12.504696] Bluetooth: HCI UART protocol Intel registered
[   12.504835] Bluetooth: HCI UART protocol Broadcom registered
[   12.504863] Bluetooth: HCI UART protocol QCA registered
[   12.504868] Bluetooth: HCI UART protocol AG6XX registered
[   12.504894] Bluetooth: HCI UART protocol Marvell registered
[   12.984427] EXT4-fs (mmcblk0p1): resizing filesystem from 1255424 to 3849216 blocks
[   23.224413] EXT4-fs (mmcblk0p1): resized to 2621440 blocks
[   33.721258] EXT4-fs (mmcblk0p1): resized filesystem to 3849216
[   41.826007] Bluetooth: BNEP (Ethernet Emulation) ver 1.3
[   41.826030] Bluetooth: BNEP filters: protocol multicast
[   41.826052] Bluetooth: BNEP socket layer initialized
[   41.833294] Bluetooth: MGMT ver 1.22
[   41.868569] NET: Registered PF_ALG protocol family
[   47.069637] dwmac-sun8i 5020000.ethernet end0: Register MEM_TYPE_PAGE_POOL RxQ-0
[   47.072317] dwmac-sun8i 5020000.ethernet end0: PHY [stmmac-0:01] driver [YT8531 Gigabit Ethernet] (irq=POLL)
[   47.072844] dwmac-sun8i 5020000.ethernet end0: No Safety Features support found
[   47.072857] dwmac-sun8i 5020000.ethernet end0: No MAC Management Counters available
[   47.072866] dwmac-sun8i 5020000.ethernet end0: PTP not supported by HW
[   47.077391] dwmac-sun8i 5020000.ethernet end0: configuring for phy/rgmii link mode
[   47.106742] PPP generic driver version 2.4.2
[   47.115886] NET: Registered PF_PPPOX protocol family
[   47.482730] l2tp_core: L2TP core driver, V2.0
[   47.494238] l2tp_netlink: L2TP netlink interface
[   47.515800] l2tp_ppp: PPPoL2TP kernel driver, V2.0
[   47.826676] Initializing XFRM netlink socket
[   68.192431] Bluetooth: RFCOMM TTY layer initialized
[   68.192478] Bluetooth: RFCOMM socket layer initialized
[   68.192510] Bluetooth: RFCOMM ver 1.11
